// Jest Snapshot v1, https://goo.gl/fbAQLP

exports[`Testing TableRow Component Render Component 1`] = `ShallowWrapper {}`;
