// Jest Snapshot v1, https://goo.gl/fbAQLP

exports[`Testing CreateWorkshop Page Snapshot renders 1`] = `ShallowWrapper {}`;
