// Jest Snapshot v1, https://goo.gl/fbAQLP

exports[`Testing CreateUser Page Snapshot renders 1`] = `ShallowWrapper {}`;
