// Jest Snapshot v1, https://goo.gl/fbAQLP

exports[`Testing EditWorkshop Page Snapshot renders 1`] = `ShallowWrapper {}`;
