// Jest Snapshot v1, https://goo.gl/fbAQLP

exports[`Testing EditUser Page Snapshot renders 1`] = `ShallowWrapper {}`;
