// Jest Snapshot v1, https://goo.gl/fbAQLP

exports[`Testing ShowWorkshop Page Snapshot renders 1`] = `ShallowWrapper {}`;
