// Jest Snapshot v1, https://goo.gl/fbAQLP

exports[`Testing ShowUser Page Snapshot renders 1`] = `ShallowWrapper {}`;
