// Jest Snapshot v1, https://goo.gl/fbAQLP

exports[`Testing Subscriptions Page Snapshot renders 1`] = `ShallowWrapper {}`;
