// Jest Snapshot v1, https://goo.gl/fbAQLP

exports[`Testing TableRow Component Snapshot renders 1`] = `ShallowWrapper {}`;
